========================================================================
✉️ Starte Kontaktformular-Funktionstest auf: https://sichertarif.de/kontakt
========================================================================

--- Test 1: DOM-Struktur & Felder prüfen ---
✅ [PASS] Name-Feld vorhanden
✅ [PASS] E-Mail-Feld vorhanden
✅ [PASS] Betreff-Feld vorhanden
✅ [PASS] Nachrichten-Textarea vorhanden
✅ [PASS] Datenschutz-Consent-Checkbox vorhanden
✅ [PASS] Honeypot-Spamschutz vorhanden
✅ [PASS] Absende-Button vorhanden

--- Test 2: Client-Validierung bei leerem Formular ---
✅ [PASS] Browser blockiert Absenden ohne Pflichtfelder

--- Test 3: Ungültige E-Mail-Adresse ---
✅ [PASS] Browser blockiert ungültiges E-Mail-Format

--- Test 4: Honeypot-Spamschutz (Bot-Abwehr) ---
✅ [PASS] Honeypot liefert Bot-Täuschung ohne echten Versand

--- Test 5: Valider Formular-Versand ---
✅ [PASS] Server Action meldet erfolgreichen Versand

========================================================================
📊 TEST-ZUSAMMENFASSUNG KONTAKTFORMULAR: 11 bestanden, 0 fehlgeschlagen
========================================================================


--- STDERR ---
