🚀 Starte vollständige Gesamtprüfung für ALLE 33 Seiten über 5 Viewports...

🔍 Prüfe: /kfz-versicherung               [✓ mobile-360] [✓ mobile-375] [✓ mobile-390] [✓ tablet-768] [✓ desktop-1280]
🔍 Prüfe: /motorrad-versicherung          [✓ mobile-360] [✓ mobile-375] [✓ mobile-390] [✓ tablet-768] [✓ desktop-1280]
🔍 Prüfe: /haftpflicht                    [✓ mobile-360] [✓ mobile-375] [✓ mobile-390] [✓ tablet-768] [✓ desktop-1280]
🔍 Prüfe: /hausrat                        [✓ mobile-360] [✓ mobile-375] [✓ mobile-390] [✓ tablet-768] [✓ desktop-1280]
🔍 Prüfe: /haftpflicht-hausrat            [✓ mobile-360] [✓ mobile-375] [✓ mobile-390] [✓ tablet-768] [✓ desktop-1280]
🔍 Prüfe: /wohngebaeude-versicherung      [✓ mobile-360] [✓ mobile-375] [✓ mobile-390] [✓ tablet-768] [✓ desktop-1280]
🔍 Prüfe: /rechtsschutz-versicherung      [✓ mobile-360] [✓ mobile-375] [✓ mobile-390] [✓ tablet-768] [✓ desktop-1280]
🔍 Prüfe: /hundeversicherung              [✓ mobile-360] [✓ mobile-375] [✓ mobile-390] [✓ tablet-768] [✓ desktop-1280]
🔍 Prüfe: /hundekrankenversicherung       [✓ mobile-360] [✓ mobile-375] [✓ mobile-390] [✓ tablet-768] [✓ desktop-1280]
🔍 Prüfe: /grundbesitzerhaftpflicht       [✓ mobile-360] [✓ mobile-375] [✓ mobile-390] [✓ tablet-768] [✓ desktop-1280]
🔍 Prüfe: /firmenversicherung             [✓ mobile-360] [✓ mobile-375] [✓ mobile-390] [✓ tablet-768] [✓ desktop-1280]
🔍 Prüfe: /pkv                            [✓ mobile-360] [✓ mobile-375] [✓ mobile-390] [✓ tablet-768] [✓ desktop-1280]
🔍 Prüfe: /pkv-beamte                     [✓ mobile-360] [✓ mobile-375] [✓ mobile-390] [✓ tablet-768] [✓ desktop-1280]
🔍 Prüfe: /pkv-studenten                  [✓ mobile-360] [✓ mobile-375] [✓ mobile-390] [✓ tablet-768] [✓ desktop-1280]
🔍 Prüfe: /krankenzusatz                  [✓ mobile-360] [✓ mobile-375] [✓ mobile-390] [✓ tablet-768] [✓ desktop-1280]
🔍 Prüfe: /berufsunfaehigkeit             [✓ mobile-360] [✓ mobile-375] [✓ mobile-390] [✓ tablet-768] [✓ desktop-1280]
🔍 Prüfe: /risikoleben                    [✓ mobile-360] [✓ mobile-375] [✓ mobile-390] [✓ tablet-768] [✓ desktop-1280]
🔍 Prüfe: /lebensversicherung             [✓ mobile-360] [✓ mobile-375] [✓ mobile-390] [✓ tablet-768] [✓ desktop-1280]
🔍 Prüfe: /unfallversicherung             [✓ mobile-360] [✓ mobile-375] [✓ mobile-390] [✓ tablet-768] [✓ desktop-1280]
🔍 Prüfe: /rente                          [✓ mobile-360] [✓ mobile-375] [✓ mobile-390] [✓ tablet-768] [✓ desktop-1280]
🔍 Prüfe: /riester-rente                  [✓ mobile-360] [✓ mobile-375] [✓ mobile-390] [✓ tablet-768] [✓ desktop-1280]
🔍 Prüfe: /ruerup-rente                   [✓ mobile-360] [✓ mobile-375] [✓ mobile-390] [✓ tablet-768] [✓ desktop-1280]
🔍 Prüfe: /pflegezusatz                   [✓ mobile-360] [✓ mobile-375] [✓ mobile-390] [✓ tablet-768] [✓ desktop-1280]
🔍 Prüfe: /kredit-vergleich               [✓ mobile-360] [✓ mobile-375] [✓ mobile-390] [✓ tablet-768] [✓ desktop-1280]
🔍 Prüfe: /girokonto-vergleich            [✓ mobile-360] [✓ mobile-375] [✓ mobile-390] [✓ tablet-768] [✓ desktop-1280]
🔍 Prüfe: /baufinanzierung                [✓ mobile-360] [✓ mobile-375] [✓ mobile-390] [✓ tablet-768] [✓ desktop-1280]
🔍 Prüfe: /kreditkarten                   [✓ mobile-360] [✓ mobile-375] [✓ mobile-390] [✓ tablet-768] [✓ desktop-1280]
🔍 Prüfe: /                               [✓ mobile-360] [✓ mobile-375] [✓ mobile-390] [✓ tablet-768] [✓ desktop-1280]
🔍 Prüfe: /ratgeber                       [✓ mobile-360] [✓ mobile-375] [✓ mobile-390] [✓ tablet-768] [✓ desktop-1280]
🔍 Prüfe: /kontakt                        [✓ mobile-360] [✓ mobile-375] [✓ mobile-390] [✓ tablet-768] [✓ desktop-1280]
🔍 Prüfe: /impressum                      [✓ mobile-360] [✓ mobile-375] [✓ mobile-390] [✓ tablet-768] [✓ desktop-1280]
🔍 Prüfe: /datenschutz                    [✓ mobile-360] [✓ mobile-375] [✓ mobile-390] [✓ tablet-768] [✓ desktop-1280]
🔍 Prüfe: /erstinformation                [✓ mobile-360] [✓ mobile-375] [✓ mobile-390] [✓ tablet-768] [✓ desktop-1280]

==================================================
🏁 GESAMTERGEBNIS DES INTEGRITÄTSTESTS:
Geprüfte Seiten: 33
Geprüfte Viewport-Kombinationen: 165
Seiten mit horizontalem Scrollbar / Überlauf: 0
Seiten mit Konsolen- / Laufzeitfehlern: 5
==================================================

--- STDERR ---
